// Jest Snapshot v1, https://goo.gl/fbAQLP

exports[`App renders correctly 1`] = `
<BrowserRouter>
  <Alert />
  <div>
    <Switch>
      <Route
        path="/login"
      >
        <Login />
      </Route>
      <PrivateRoute
        path="/player/:id"
        userAuthenticated={false}
      >
        <WithWidth(Player) />
      </PrivateRoute>
      <PrivateRoute
        path="/"
        userAuthenticated={false}
      >
        <SpacingGrid />
      </PrivateRoute>
    </Switch>
  </div>
</BrowserRouter>
`;
